RAM Allocation
Variable                                                          Address   Size
--------------------------------------------------------------------------------
rx_buffer                                                         0x0160      64
tx_buffer                                                         0x01A0      64
pik_count                                                         0x01E0       1
led_byte                                                          0x01E1      10
sys_time                                                          0x01EB       4
whait_time                                                        0x01EF       4
count_led                                                         0x01F3       1
drebezg                                                           0x01F4       1
count_blink                                                       0x01F5       2
crc                                                               0x01F7       2
mode                                                              0x01F9       1
point                                                             0x01FA       1
work_point                                                        0x01FB       1
ed                                                                0x01FC       1
des                                                               0x01FD       1
sot                                                               0x01FE       1
tis                                                               0x01FF       1
i                                                                 0x0200       1
count_key                                                         0x0201       1
count_key1                                                        0x0202       1
buf                                                               0x0203      18
buf_end                                                           0x0215       1
x                                                                 0x0216       4
adc_filter                                                        0x021A       4
j                                                                 0x021E       1
count_register                                                    0x021F       1
count_key2                                                        0x0220       1
start_time                                                        0x0221       4
start_time_mode                                                   0x0225       4
time_key                                                          0x0229       4
error                                                             0x022D       1
adc_value1                                                        0x022E       4
adc_value2                                                        0x0232       4
adc_value3                                                        0x0236       4
_seed                                                             0x023A       4

EEPROM Allocation
Variable                                                          Address   Size
--------------------------------------------------------------------------------
reg                                                               0x0000     432
ee_point                                                          0x01B0       1
crceep                                                            0x01B1       2
crcstatic                                                         0x01B3       2
crc1digit                                                         0x01B5       1
crc2digit                                                         0x01B6       1
crc3digit                                                         0x01B7       1
crc4digit                                                         0x01B8       1

Register Allocation
Variable                                                          Register  Size
--------------------------------------------------------------------------------
CRCLow                                                            R7           1
rx_counter                                                        R6           1
mod_time                                                          R9           1
mod_time_s                                                        R8           1
rx_wr_index                                                       R11          1
CRCHigh                                                           R10          1
rx_c                                                              R2.0      1bit
ti_en                                                             R2.1      1bit
rx_m                                                              R2.2      1bit
tx_buffer_begin                                                   R13          1
tx_buffer_end                                                     R12          1
buzer_en                                                          R2.3      1bit
buzer                                                             R2.4      1bit
pik_en                                                            R2.5      1bit
buzer_buzer_en                                                    R2.6      1bit
key_mode                                                          R2.7      1bit
key_plus                                                          R3.0      1bit
key_mines                                                         R3.1      1bit
key_enter                                                         R3.2      1bit
key_mode_press                                                    R3.3      1bit
key_plus_press                                                    R3.4      1bit
key_mines_press                                                   R3.5      1bit
key_enter_press                                                   R3.6      1bit
key_mode_press_switch                                             R3.7      1bit
key_plus_press_switch                                             R4.0      1bit
key_minus_press_switch                                            R4.1      1bit
key_enter_press_switch                                            R4.2      1bit
avaria                                                            R4.3      1bit
alarm1                                                            R4.4      1bit
alarm2                                                            R4.5      1bit
alarm_alarm1                                                      R4.6      1bit
alarm_alarm2                                                      R4.7      1bit
blok1                                                             R5.0      1bit
blok2                                                             R5.1      1bit
signal                                                            R5.2      1bit
